npx :  DEPRECATED  `test.poolOptions` was removed in Vitest 4. All 
previous `poolOptions` are now top-level options. Please, refer to 
the migration guide: https://vitest.dev/guide/migration#pool-rework
所在位置 行:1 字符: 43
+ ... ects\zy_2606_trae_01 ; npx vitest run --reporter=verbose 2>&1
 | Tee-O ...
+                            ~~~~~~~~~~~~~~~~~~~~~~~~~~~~~~~~~~~~~~
    + CategoryInfo          : NotSpecified: ( DEPRECATED  `t...ion 
   #pool-rework:String) [], RemoteException
    + FullyQualifiedErrorId : NativeCommandError
 

 RUN  v4.1.9 D:/trae_projects/zy_2606_trae_01

 鉁?src/test/storage/provider.test.ts > StorageProvider > 鍒濆鐘舵€?> 銆愭暟鎹璁俱€戞柊鍒涘缓瀹炰緥 鈫?銆愰鏈熺粨鏋溿€憄rovider type 涓?local锛宑onnected 涓?true 9ms
 鉁?src/test/storage/provider.test.ts > StorageProvider > 鍒濆鐘舵€?> 銆愭暟鎹璁俱€戝垵濮嬮厤缃?鈫?銆愰鏈熺粨鏋溿€憈ype 涓?local锛屽叾浠栧瓧娈典负绌?3ms
 鉁?src/test/storage/provider.test.ts > StorageProvider > switchProvider - local > 銆愭暟鎹璁俱€戝垏鎹㈠埌 local 鈫?銆愰鏈熺粨鏋溿€戣繑鍥?true锛宼ype 涓?local锛岄厤缃寔涔呭寲 6ms
 鉁?src/test/storage/provider.test.ts > StorageProvider > switchProvider - rest-api > 銆愭暟鎹璁俱€戝垏鎹㈠埌 rest-api锛宐aseUrl 鏈夋晥 鈫?銆愰鏈熺粨鏋溿€戣繑鍥?true锛宼ype 涓?rest-api 2ms
 鉁?src/test/storage/provider.test.ts > StorageProvider > switchProvider - rest-api > 銆愭暟鎹璁俱€戝垏鎹㈠埌 rest-api锛宐aseUrl 涓虹┖ 鈫?銆愰鏈熺粨鏋溿€戣繑鍥?false锛屼繚鎸?local 1ms
 鉁?src/test/storage/provider.test.ts > StorageProvider > testConnection > 銆愭暟鎹璁俱€戞祴璇?local 鈫?銆愰鏈熺粨鏋溿€戣繑鍥?true 1ms
 鉁?src/test/storage/provider.test.ts > StorageProvider > testConnection > 銆愭暟鎹璁俱€戞祴璇?rest-api锛宐aseUrl 鏈夋晥 鈫?銆愰鏈熺粨鏋溿€戣繑鍥?true 1ms
 鉁?src/test/storage/provider.test.ts > StorageProvider > testConnection > 銆愭暟鎹璁俱€戞祴璇?rest-api锛宐aseUrl 涓虹┖ 鈫?銆愰鏈熺粨鏋溿€戣繑鍥?false 1ms
 鉁?src/test/storage/provider.test.ts > StorageProvider > init 鏂规硶 > 銆愭暟鎹璁俱€戞棤淇濆瓨閰嶇疆 鈫?銆愰鏈熺粨鏋溿€戜繚鎸?local 2ms
 鉁?src/test/storage/provider.test.ts > StorageProvider > init 鏂规硶 > 銆愭暟鎹璁俱€戜繚瀛樹簡 rest-api 閰嶇疆 鈫?銆愰鏈熺粨鏋溿€慽nit 鍚庤嚜鍔ㄥ垏鎹㈠埌 rest-api 1ms
 鉁?src/test/storage/provider.test.ts > StorageProvider > load/save/remove 濮旀墭 > 銆愭暟鎹璁俱€憀oad 璋冪敤 鈫?銆愰鏈熺粨鏋溿€戝鎵樼粰褰撳墠閫傞厤鍣?3ms
 鉁?src/test/storage/provider.test.ts > StorageProvider > load/save/remove 濮旀墭 > 銆愭暟鎹璁俱€憇ave 璋冪敤 鈫?銆愰鏈熺粨鏋溿€戝鎵樼粰褰撳墠閫傞厤鍣?1ms
 鉁?src/test/storage/provider.test.ts > StorageProvider > load/save/remove 濮旀墭 > 銆愭暟鎹璁俱€憆emove 璋冪敤 鈫?銆愰鏈熺粨鏋溿€戝鎵樼粰褰撳墠閫傞厤鍣?2ms
stderr | src/test/storage/cached-adapter.test.ts > CachedStorageAda
pter > load 鏂规硶 - 杩滅▼澶辫触闄嶇骇 > 銆愭暟鎹璁俱€戣繙绋嬪け璐ワ紝鏈湴鏈夌紦瀛?鈫?銆愰鏈熺粨鏋溿€戣
繑鍥炴湰鍦扮紦瀛橈紝connected=false
[CachedStorage] 杩滅▼鍔犺浇澶辫触锛岄檷绾у埌鏈湴缂撳瓨: foods Error: Remote connecti
on failed
    at MockRemoteAdapter.load (D:/trae_projects/zy_2606_trae_01/src
/test/storage/cached-adapter.test.ts:13:13)
    at CachedStorageAdapter.load (D:/trae_projects/zy_2606_trae_01/
src/storage/cached-adapter.ts:26:44)
    at D:/trae_projects/zy_2606_trae_01/src/test/storage/cached-ada
pter.test.ts:87:36
    at file:///D:/trae_projects/zy_2606_trae_01/node_modules/@vites
t/runner/dist/chunk-artifact.js:302:11
    at file:///D:/trae_projects/zy_2606_trae_01/node_modules/@vites
t/runner/dist/chunk-artifact.js:1903:26
    at file:///D:/trae_projects/zy_2606_trae_01/node_modules/@vites
t/runner/dist/chunk-artifact.js:2326:20
    at new Promise (<anonymous>)
    at runWithCancel (file:///D:/trae_projects/zy_2606_trae_01/node
_modules/@vitest/runner/dist/chunk-artifact.js:2323:10)
    at file:///D:/trae_projects/zy_2606_trae_01/node_modules/@vites
t/runner/dist/chunk-artifact.js:2305:20
    at new Promise (<anonymous>)

stderr | src/test/storage/cached-adapter.test.ts > CachedStorageAda
pter > load 鏂规硶 - 杩滅▼澶辫触闄嶇骇 > 銆愭暟鎹璁俱€戣繙绋嬪け璐ワ紝鏈湴鏃犵紦瀛?鈫?銆愰鏈熺粨鏋溿€戣
繑鍥為粯璁ゅ€硷紝connected=false
[CachedStorage] 杩滅▼鍔犺浇澶辫触锛岄檷绾у埌鏈湴缂撳瓨: nonexistent Error: Remote co
nnection failed
    at MockRemoteAdapter.load (D:/trae_projects/zy_2606_trae_01/src
/test/storage/cached-adapter.test.ts:13:13)
    at CachedStorageAdapter.load (D:/trae_projects/zy_2606_trae_01/
src/storage/cached-adapter.ts:26:44)
    at D:/trae_projects/zy_2606_trae_01/src/test/storage/cached-ada
pter.test.ts:96:36
    at file:///D:/trae_projects/zy_2606_trae_01/node_modules/@vites
t/runner/dist/chunk-artifact.js:302:11
    at file:///D:/trae_projects/zy_2606_trae_01/node_modules/@vites
t/runner/dist/chunk-artifact.js:1903:26
    at file:///D:/trae_projects/zy_2606_trae_01/node_modules/@vites
t/runner/dist/chunk-artifact.js:2326:20
    at new Promise (<anonymous>)
    at runWithCancel (file:///D:/trae_projects/zy_2606_trae_01/node
_modules/@vitest/runner/dist/chunk-artifact.js:2323:10)
    at file:///D:/trae_projects/zy_2606_trae_01/node_modules/@vites
t/runner/dist/chunk-artifact.js:2305:20
    at new Promise (<anonymous>)

 鉁?src/test/store/index.test.ts > Zustand Store - 鐘舵€佺鐞?> 鍒濆鐘舵€?> 銆愭暟鎹璁俱€戞湭璋冪敤 init 鈫?銆愰鏈熺粨鏋溿€慺oods/logs/roommates 涓虹┖锛宻electedOwner 涓?"all" 31ms
 鉁?src/test/store/index.test.ts > Zustand Store - 鐘舵€佺鐞?> init 鏂规硶 > 銆愭暟鎹璁俱€戞棤淇濆瓨鏁版嵁锛屽姞杞介粯璁ゅ€?鈫?銆愰鏈熺粨鏋溿€戝姞杞介粯璁ら鐗?瀹ゅ弸/鏃ュ織 4ms
 鉁?src/test/store/index.test.ts > Zustand Store - 鐘舵€佺鐞?> setCurrentUser > 銆愭暟鎹璁俱€戣缃綋鍓嶇敤鎴蜂负 "灏忕孩" 鈫?銆愰鏈熺粨鏋溿€慶urrentUser 鏇存柊骞舵寔涔呭寲 5ms
 鉁?src/test/store/index.test.ts > Zustand Store - 鐘舵€佺鐞?> setSelectedOwner / 绛涢€?> 銆愭暟鎹璁俱€憇electedOwner = "all" 鈫?銆愰鏈熺粨鏋溿€慻etFilteredFoods 杩斿洖鍏ㄩ儴 4 鏉?4ms
 鉁?src/test/store/index.test.ts > Zustand Store - 鐘舵€佺鐞?> setSelectedOwner / 绛涢€?> 銆愭暟鎹璁俱€憇electedOwner = "灏忔槑" 鈫?銆愰鏈熺粨鏋溿€慻etFilteredFoods 杩斿洖灏忔槑鎷ユ湁鐨?2 鏉?4ms
 鉁?src/test/store/index.test.ts > Zustand Store - 鐘舵€佺鐞?> setSelectedOwner / 绛涢€?> 銆愭暟鎹璁俱€憇electedOwner = "灏忓垰" 鈫?銆愰鏈熺粨鏋溿€慻etFilteredFoods 杩斿洖灏忓垰鎷ユ湁鐨?1 鏉?3ms
 鉁?src/test/store/index.test.ts > Zustand Store - 鐘舵€佺鐞?> UI 寮€鍏崇被鏂规硶 > 銆愭暟鎹璁俱€憈oggleLogDrawer() 鏃犲弬鏁?鈫?銆愰鏈熺粨鏋溿€戝湪 false/true 涔嬮棿鍒囨崲 2ms
 鉁?src/test/store/index.test.ts > Zustand Store - 鐘舵€佺鐞?> UI 寮€鍏崇被鏂规硶 > 銆愭暟鎹璁俱€憈oggleLogDrawer(true) 鈫?銆愰鏈熺粨鏋溿€戝己鍒惰涓?true 1ms
 鉁?src/test/store/index.test.ts > Zustand Store - 鐘舵€佺鐞?> UI 寮€鍏崇被鏂规硶 > 銆愭暟鎹璁俱€憈oggleFoodForm(false) 鈫?銆愰鏈熺粨鏋溿€戝己鍒惰涓?false 2ms
 鉁?src/test/store/index.test.ts > Zustand Store - 鐘舵€佺鐞?> UI 寮€鍏崇被鏂规硶 > 銆愭暟鎹璁俱€憈oggleStorageSettings() 鈫?銆愰鏈熺粨鏋溿€戝垏鎹㈢姸鎬?3ms
 鉁?src/test/store/index.test.ts > Zustand Store - 鐘舵€佺鐞?> canOperateFood > 銆愭暟鎹璁俱€戠敤鎴峰湪 owners 涓?鈫?銆愰鏈熺粨鏋溿€戣繑鍥?true 2ms
 鉁?src/test/store/index.test.ts > Zustand Store - 鐘舵€佺鐞?> canOperateFood > 銆愭暟鎹璁俱€戠敤鎴蜂笉鍦?owners 涓?鈫?銆愰鏈熺粨鏋溿€戣繑鍥?false 1ms
 鉁?src/test/store/index.test.ts > Zustand Store - 鐘舵€佺鐞?> openConfirm / closeConfirm > 銆愭暟鎹璁俱€戝綋鍓嶇敤鎴锋槸灏忔槑锛屾墦寮€灏忔槑鎷ユ湁鐨勯鐗?鈫?銆愰鏈熺粨鏋溿€慶onfirmData 琚缃?3ms
 鉁?src/test/store/index.test.ts > Zustand Store - 鐘舵€佺鐞?> openConfirm / closeConfirm > 銆愭暟鎹璁俱€戝綋鍓嶇敤鎴锋槸灏忔槑锛屾墦寮€灏忓垰鎷ユ湁鐨勯鐗?鈫?銆愰鏈熺粨鏋溿€慶onfirmData 涓?null锛堟棤鏉冿級 2ms
 鉁?src/test/store/index.test.ts > Zustand Store - 鐘舵€佺鐞?> openConfirm / closeConfirm > 銆愭暟鎹璁俱€慶loseConfirm 琚皟鐢?鈫?銆愰鏈熺粨鏋溿€慶onfirmData 鍙樹负 null 2ms
 鉁?src/test/store/index.test.ts > Zustand Store - 鐘舵€佺鐞?> addFood > 銆愭暟鎹璁俱€戞柊澧炰竴鏉￠鐗?鈫?銆愰鏈熺粨鏋溿€慺oods 鏁伴噺 +1锛宖orm 鍏抽棴锛屾寔涔呭寲 3ms
 鉁?src/test/store/index.test.ts > Zustand Store - 鐘舵€佺鐞?> handleAction - 鍚冩帀/涓㈠純 > 銆愭暟鎹璁俱€戝皬鏄庡悆鎺夎嚜宸辩殑椴滅墰濂?鈫?銆愰鏈熺粨鏋溿€慺oods 鏁伴噺 -1锛屾柊澧炰竴鏉?consume 鏃ュ織 4ms
 鉁?src/test/store/index.test.ts > Zustand Store - 鐘舵€佺鐞?> handleAction - 鍚冩帀/涓㈠純 > 銆愭暟鎹璁俱€戝皬鏄庝涪寮冧笉灞炰簬鑷繁鐨勫笇鑵婇吀濂?鈫?銆愰鏈熺粨鏋溿€戣繑鍥?false锛屾棤鍙樺寲 2ms
 鉁?src/test/store/index.test.ts > Zustand Store - 鐘舵€佺鐞?> handleAction - 鍚冩帀/涓㈠純 > 銆愭暟鎹璁俱€戞搷浣滀笉瀛樺湪鐨?foodId 鈫?銆愰鏈熺粨鏋溿€戣繑鍥?false 1ms
 鉁?src/test/store/index.test.ts > Zustand Store - 鐘舵€佺鐞?> handleAction - 鍚冩帀/涓㈠純 > 銆愭暟鎹璁俱€戝皬绾涪寮冨睘浜庤嚜宸辩殑鐗涙帓 鈫?銆愰鏈熺粨鏋溿€戞柊澧?discard 鏃ュ織锛宖ood 浠庡垪琛ㄧЩ闄?7ms
 鉁?src/test/store/index.test.ts > Zustand Store - 鐘舵€佺鐞?> addRoommate > 銆愭暟鎹璁俱€戞坊鍔犳柊瀹ゅ弸 "灏忕帇" 鈫?銆愰鏈熺粨鏋溿€憆oommates 鏁伴噺 +1锛屾寔涔呭寲 6ms
stderr | src/test/storage/cached-adapter.test.ts > CachedStorageAda
pter > save 鏂规硶 - 杩滅▼澶辫触 > 銆愭暟鎹璁俱€戣繙绋嬪け璐ワ紝淇濆瓨鏁版嵁 鈫?銆愰鏈熺粨鏋溿€戜粎鏈湴
鏈夋暟鎹紝connected=false
[CachedStorage] 杩滅▼淇濆瓨澶辫触锛屾暟鎹粎淇濆瓨鍦ㄦ湰鍦? foods Error: Remote connect
ion failed
    at MockRemoteAdapter.save (D:/trae_projects/zy_2606_trae_01/src
/test/storage/cached-adapter.test.ts:22:13)
    at CachedStorageAdapter.save (D:/trae_projects/zy_2606_trae_01/
src/storage/cached-adapter.ts:40:25)
    at D:/trae_projects/zy_2606_trae_01/src/test/storage/cached-ada
pter.test.ts:121:7

stderr | src/test/storage/cached-adapter.test.ts > CachedStorageAda
pter > remove 鏂规硶 - 杩滅▼澶辫触 > 銆愭暟鎹璁俱€戣繙绋嬪け璐ワ紝鍒犻櫎鏁版嵁 鈫?銆愰鏈熺粨鏋溿€戜粎鏈
湴琚垹闄わ紝connected=false
[CachedStorage] 杩滅▼鍒犻櫎澶辫触: to-remove Error: Remote connection faile
d
    at MockRemoteAdapter.remove (D:/trae_projects/zy_2606_trae_01/s
rc/test/storage/cached-adapter.test.ts:29:13)
    at CachedStorageAdapter.remove (D:/trae_projects/zy_2606_trae_0
1/src/storage/cached-adapter.ts:51:25)
    at D:/trae_projects/zy_2606_trae_01/src/test/storage/cached-ada
pter.test.ts:152:7
    at file:///D:/trae_projects/zy_2606_trae_01/node_modules/@vites
t/runner/dist/chunk-artifact.js:1903:20

 鉁?src/test/storage/cached-adapter.test.ts > CachedStorageAdapter > type 灞炴€?> 銆愭暟鎹璁俱€戜娇鐢?rest-api 杩滅▼閫傞厤鍣?鈫?銆愰鏈熺粨鏋溿€憈ype 涓?"rest-api" 9ms
 鉁?src/test/storage/cached-adapter.test.ts > CachedStorageAdapter > connected 灞炴€?> 銆愭暟鎹璁俱€戝垵濮嬬姸鎬?鈫?銆愰鏈熺粨鏋溿€慶onnected 涓?false 1ms
 鉁?src/test/storage/cached-adapter.test.ts > CachedStorageAdapter > load 鏂规硶 - 杩滅▼姝ｅ父 > 銆愭暟鎹璁俱€戣繙绋嬫湁鏁版嵁 鈫?銆愰鏈熺粨鏋溿€戣繑鍥炶繙绋嬫暟鎹紝connected=true锛屾湰鍦扮紦瀛樺悓姝?4ms
 鉁?src/test/storage/cached-adapter.test.ts > CachedStorageAdapter > load 鏂规硶 - 杩滅▼姝ｅ父 > 銆愭暟鎹璁俱€戣繙绋嬫棤鏁版嵁 鈫?銆愰鏈熺粨鏋溿€戣繑鍥為粯璁ゅ€硷紝connected=true 6ms
 鉁?src/test/storage/cached-adapter.test.ts > CachedStorageAdapter > load 鏂规硶 - 杩滅▼澶辫触闄嶇骇 > 銆愭暟鎹璁俱€戣繙绋嬪け璐ワ紝鏈湴鏈夌紦瀛?鈫?銆愰鏈熺粨鏋溿€戣繑鍥炴湰鍦扮紦瀛橈紝connected=false 15ms
 鉁?src/test/storage/cached-adapter.test.ts > CachedStorageAdapter > load 鏂规硶 - 杩滅▼澶辫触闄嶇骇 > 銆愭暟鎹璁俱€戣繙绋嬪け璐ワ紝鏈湴鏃犵紦瀛?鈫?銆愰鏈熺粨鏋溿€戣繑鍥為粯璁ゅ€硷紝connected=false 3ms
 鉁?src/test/storage/cached-adapter.test.ts > CachedStorageAdapter > save 鏂规硶 - 杩滅▼姝ｅ父 > 銆愭暟鎹璁俱€戣繙绋嬫甯革紝淇濆瓨鏁版嵁 鈫?銆愰鏈熺粨鏋溿€戣繙绋嬪拰鏈湴鍧囨湁鏁版嵁锛宑onnected=true 5ms
 鉁?src/test/storage/cached-adapter.test.ts > CachedStorageAdapter > save 鏂规硶 - 杩滅▼澶辫触 > 銆愭暟鎹璁俱€戣繙绋嬪け璐ワ紝淇濆瓨鏁版嵁 鈫?銆愰鏈熺粨鏋溿€戜粎鏈湴鏈夋暟鎹紝connected=false 5ms
 脳 src/test/storage/cached-adapter.test.ts > CachedStorageAdapter > remove 鏂规硶 - 杩滅▼姝ｅ父 > 銆愭暟鎹璁俱€戣繙绋嬫甯革紝鍒犻櫎鏁版嵁 鈫?銆愰鏈熺粨鏋溿€戣繙绋嬪拰鏈湴鍧囪鍒犻櫎锛宑onnected=true 19ms
   鈫?expected '"default"' to be null
 鉁?src/test/storage/cached-adapter.test.ts > CachedStorageAdapter > remove 鏂规硶 - 杩滅▼澶辫触 > 銆愭暟鎹璁俱€戣繙绋嬪け璐ワ紝鍒犻櫎鏁版嵁 鈫?銆愰鏈熺粨鏋溿€戜粎鏈湴琚垹闄わ紝connected=false 23ms
 鉁?src/test/storage/cached-adapter.test.ts > CachedStorageAdapter > testConnection 鏂规硶 > 銆愭暟鎹璁俱€戣繙绋嬫甯?鈫?銆愰鏈熺粨鏋溿€戣繑鍥?true锛宑onnected=true 2ms
 鉁?src/test/storage/cached-adapter.test.ts > CachedStorageAdapter > testConnection 鏂规硶 > 銆愭暟鎹璁俱€戣繙绋嬪紓甯?鈫?銆愰鏈熺粨鏋溿€戣繑鍥?false锛宑onnected=false 1ms
 鉁?src/test/storage/cached-adapter.test.ts > CachedStorageAdapter > setRemoteAdapter 鏂规硶 > 銆愭暟鎹璁俱€戝垏鎹㈣繙绋嬮€傞厤鍣?鈫?銆愰鏈熺粨鏋溿€戝悗缁姹傝蛋鏂伴€傞厤鍣?1ms
 鉁?src/test/store/index.test.ts > Zustand Store - 鐘舵€佺鐞?> addRoommate > 銆愭暟鎹璁俱€戞坊鍔犲凡瀛樺湪鐨勫鍙?鈫?銆愰鏈熺粨鏋溿€戜笉閲嶅娣诲姞 3ms
 鉁?src/test/store/index.test.ts > Zustand Store - 鐘舵€佺鐞?> addRoommate > 銆愭暟鎹璁俱€戞坊鍔犵┖瀛楃涓?鈫?銆愰鏈熺粨鏋溿€戜笉娣诲姞 2ms
 脳 src/test/store/index.test.ts > Zustand Store - 鐘舵€佺鐞?> getStats > 銆愭暟鎹璁俱€慳ll 绛涢€?鈫?銆愰鏈熺粨鏋溿€憈otal=4, expired=1, expiring=1, fresh=2 30ms
   鈫?expected 2 to be 1 // Object.is equality
 鉁?src/test/store/index.test.ts > Zustand Store - 鐘舵€佺鐞?> getStats > 銆愭暟鎹璁俱€戠瓫閫?灏忔槑" 鈫?銆愰鏈熺粨鏋溿€憈otal=2, expired=0, expiring=0, fresh=2 2ms
 脳 src/test/store/index.test.ts > Zustand Store - 鐘舵€佺鐞?> getFoodsByStatus > 銆愭暟鎹璁俱€慳ll 绛涢€?鈫?銆愰鏈熺粨鏋溿€戝垎缁勬纭笖鎸夊墿浣欏ぉ鏁板崌搴?5ms
   鈫?expected 2 to be 1 // Object.is equality
 鉁?src/test/store/index.test.ts > Zustand Store - 鐘舵€佺鐞?> 瀛樺偍閰嶇疆鐩稿叧 > 銆愭暟鎹璁俱€慻etStorageConfig 鈫?銆愰鏈熺粨鏋溿€戝鎵樼粰 storageProvider 1ms
 鉁?src/test/store/index.test.ts > Zustand Store - 鐘舵€佺鐞?> 瀛樺偍閰嶇疆鐩稿叧 > 銆愭暟鎹璁俱€憈estStorageConnection 鈫?銆愰鏈熺粨鏋溿€戝鎵樼粰 storageProvider 12ms
stderr | src/test/storage/local-adapter.test.ts > LocalStorageAdapt
er > load 鏂规硶 > 銆愭暟鎹璁俱€戝瓨鍌ㄥ唴瀹逛负闈炴硶 JSON 鈫?銆愰鏈熺粨鏋溿€戣繑鍥為粯璁ゅ€硷紝涓嶆姏寮
傚父
[LocalStorage] 璇诲彇澶辫触: bad SyntaxError: Unexpected token 'o', "not-
json" is not valid JSON
    at JSON.parse (<anonymous>)
    at LocalStorageAdapter.load (D:/trae_projects/zy_2606_trae_01/s
rc/storage/local-adapter.ts:16:19)
    at D:/trae_projects/zy_2606_trae_01/src/test/storage/local-adap
ter.test.ts:57:36
    at file:///D:/trae_projects/zy_2606_trae_01/node_modules/@vites
t/runner/dist/chunk-artifact.js:302:11
    at file:///D:/trae_projects/zy_2606_trae_01/node_modules/@vites
t/runner/dist/chunk-artifact.js:1903:26
    at file:///D:/trae_projects/zy_2606_trae_01/node_modules/@vites
t/runner/dist/chunk-artifact.js:2326:20
    at new Promise (<anonymous>)
    at runWithCancel (file:///D:/trae_projects/zy_2606_trae_01/node
_modules/@vitest/runner/dist/chunk-artifact.js:2323:10)
    at file:///D:/trae_projects/zy_2606_trae_01/node_modules/@vites
t/runner/dist/chunk-artifact.js:2305:20
    at new Promise (<anonymous>)

 鉁?src/test/utils/date.test.ts > Date 宸ュ叿鍑芥暟 > formatDate > 銆愭暟鎹璁俱€戞棩鏈熷璞?+ YYYY-MM-DD 鏍煎紡 鈫?銆愰鏈熺粨鏋溿€戣繑鍥炴牸寮忓寲鏃ユ湡瀛楃涓?7ms
 鉁?src/test/utils/date.test.ts > Date 宸ュ叿鍑芥暟 > formatDate > 銆愭暟鎹璁俱€慖SO 鏃ユ湡瀛楃涓?+ YYYY-MM-DD 鏍煎紡 鈫?銆愰鏈熺粨鏋溿€戣繑鍥炴牸寮忓寲鏃ユ湡瀛楃涓?1ms
 鉁?src/test/utils/date.test.ts > Date 宸ュ叿鍑芥暟 > formatDate > 銆愭暟鎹璁俱€戞棩鏈熷璞?+ full 鏍煎紡 鈫?銆愰鏈熺粨鏋溿€戣繑鍥炲畬鏁存棩鏈熸椂闂村瓧绗︿覆 1ms
 鉁?src/test/utils/date.test.ts > Date 宸ュ叿鍑芥暟 > formatDate > 銆愭暟鎹璁俱€戠浉瀵规椂闂存牸寮?- 鍒氬垰 鈫?銆愰鏈熺粨鏋溿€戣繑鍥?鍒氬垰" 1ms
 鉁?src/test/utils/date.test.ts > Date 宸ュ叿鍑芥暟 > formatDate > 銆愭暟鎹璁俱€戠浉瀵规椂闂存牸寮?- 30鍒嗛挓鍓?鈫?銆愰鏈熺粨鏋溿€戣繑鍥?30鍒嗛挓鍓? 2ms
 鉁?src/test/utils/date.test.ts > Date 宸ュ叿鍑芥暟 > formatDate > 銆愭暟鎹璁俱€戠浉瀵规椂闂存牸寮?- 5灏忔椂鍓?鈫?銆愰鏈熺粨鏋溿€戣繑鍥?5灏忔椂鍓? 1ms
 鉁?src/test/utils/date.test.ts > Date 宸ュ叿鍑芥暟 > formatDate > 銆愭暟鎹璁俱€戠浉瀵规椂闂存牸寮?- 3澶╁墠 鈫?銆愰鏈熺粨鏋溿€戣繑鍥?3澶╁墠" 0ms
 鉁?src/test/utils/date.test.ts > Date 宸ュ叿鍑芥暟 > formatDate > 銆愭暟鎹璁俱€戠浉瀵规椂闂存牸寮?- 瓒呰繃7澶?鈫?銆愰鏈熺粨鏋溿€戣繑鍥瀁YYY-MM-DD鏍煎紡 0ms
 鉁?src/test/utils/date.test.ts > Date 宸ュ叿鍑芥暟 > formatDate > 銆愭暟鎹璁俱€戦粯璁ゆ牸寮忓弬鏁?鈫?銆愰鏈熺粨鏋溿€戜娇鐢?YYYY-MM-DD 鏍煎紡 1ms
 鉁?src/test/utils/date.test.ts > Date 宸ュ叿鍑芥暟 > getTodayString > 銆愭暟鎹璁俱€戞棤鍙傛暟 鈫?銆愰鏈熺粨鏋溿€戣繑鍥炰粖澶╃殑 YYYY-MM-DD 鏍煎紡鏃ユ湡 1ms
 鉁?src/test/utils/date.test.ts > Date 宸ュ叿鍑芥暟 > calculateFreshness > 銆愭暟鎹璁俱€戣喘涔颁簬浠婂ぉ鍓?0澶╋紝淇濊川鏈?澶?鈫?銆愰鏈熺粨鏋溿€戠姸鎬佷负 expired锛屽墿浣欏ぉ鏁颁负 -3 6ms
 鉁?src/test/utils/date.test.ts > Date 宸ュ叿鍑芥暟 > calculateFreshness > 銆愭暟鎹璁俱€戣喘涔颁簬浠婂ぉ鍓?澶╋紝淇濊川鏈?澶?鈫?銆愰鏈熺粨鏋溿€戠姸鎬佷负 expired锛屽墿浣欏ぉ鏁颁负 0 2ms
 鉁?src/test/utils/date.test.ts > Date 宸ュ叿鍑芥暟 > calculateFreshness > 銆愭暟鎹璁俱€戣喘涔颁簬浠婂ぉ鍓?澶╋紝淇濊川鏈?澶?鈫?銆愰鏈熺粨鏋溿€戠姸鎬佷负 expiring锛屽墿浣欏ぉ鏁颁负 2 3ms
 脳 src/test/utils/date.test.ts > Date 宸ュ叿鍑芥暟 > calculateFreshness > 銆愭暟鎹璁俱€戣喘涔颁簬浠婂ぉ鍓?澶╋紝淇濊川鏈?澶?鈫?銆愰鏈熺粨鏋溿€戠姸鎬佷负 expiring锛屽墿浣欏ぉ鏁颁负 1 23ms
   鈫?expected 'fresh' to be 'expiring' // Object.is equality
 鉁?src/test/utils/date.test.ts > Date 宸ュ叿鍑芥暟 > calculateFreshness > 銆愭暟鎹璁俱€戣喘涔颁簬浠婂ぉ鍓?澶╋紝淇濊川鏈?澶?鈫?銆愰鏈熺粨鏋溿€戠姸鎬佷负 fresh锛屽墿浣欏ぉ鏁颁负 6 2ms
 鉁?src/test/utils/date.test.ts > Date 宸ュ叿鍑芥暟 > calculateFreshness > 銆愭暟鎹璁俱€戣喘涔颁簬浠婂ぉ锛屼繚璐ㄦ湡30澶?鈫?銆愰鏈熺粨鏋溿€戠姸鎬佷负 fresh锛屽墿浣欏ぉ鏁颁负 30 3ms
 鉁?src/test/utils/date.test.ts > Date 宸ュ叿鍑芥暟 > calculateFreshness > 銆愭暟鎹璁俱€戣喘涔颁簬鏄ㄥぉ锛屼繚璐ㄦ湡3澶?鈫?銆愰鏈熺粨鏋溿€戠姸鎬佷负 expiring锛屽墿浣欏ぉ鏁颁负 2 1ms
 鉁?src/test/utils/date.test.ts > Date 宸ュ叿鍑芥暟 > addDays > 銆愭暟鎹璁俱€?024-01-15 + 5澶?鈫?銆愰鏈熺粨鏋溿€?024-01-20 1ms
 鉁?src/test/utils/date.test.ts > Date 宸ュ叿鍑芥暟 > addDays > 銆愭暟鎹璁俱€?024-01-31 + 1澶?鈫?銆愰鏈熺粨鏋溿€?024-02-01锛堣法鏈堬級 0ms
 鉁?src/test/utils/date.test.ts > Date 宸ュ叿鍑芥暟 > addDays > 銆愭暟鎹璁俱€?024-02-28 + 2澶╋紙闂板勾锛?鈫?銆愰鏈熺粨鏋溿€?024-03-01 0ms
 鉁?src/test/utils/date.test.ts > Date 宸ュ叿鍑芥暟 > addDays > 銆愭暟鎹璁俱€?024-12-31 + 1澶?鈫?銆愰鏈熺粨鏋溿€?025-01-01锛堣法骞达級 1ms
 鉁?src/test/utils/date.test.ts > Date 宸ュ叿鍑芥暟 > addDays > 銆愭暟鎹璁俱€?024-01-15 + (-3)澶?鈫?銆愰鏈熺粨鏋溿€?024-01-12锛堣礋鏁板ぉ鏁帮級 1ms
 鉁?src/test/utils/date.test.ts > Date 宸ュ叿鍑芥暟 > addDays > 銆愭暟鎹璁俱€?024-01-15 + 0澶?鈫?銆愰鏈熺粨鏋溿€?024-01-15 0ms
 鉁?src/test/storage/local-adapter.test.ts > LocalStorageAdapter > type 灞炴€?> 銆愭暟鎹璁俱€戞柊鍒涘缓瀹炰緥 鈫?銆愰鏈熺粨鏋溿€憈ype 涓?"local" 7ms
 鉁?src/test/storage/local-adapter.test.ts > LocalStorageAdapter > load 鏂规硶 > 銆愭暟鎹璁俱€慿ey 涓嶅瓨鍦紝榛樿鍊间负瀛楃涓?鈫?銆愰鏈熺粨鏋溿€戣繑鍥為粯璁ゅ瓧绗︿覆 1ms
 鉁?src/test/storage/local-adapter.test.ts > LocalStorageAdapter > load 鏂规硶 > 銆愭暟鎹璁俱€慿ey 涓嶅瓨鍦紝榛樿鍊间负鏁扮粍 鈫?銆愰鏈熺粨鏋溿€戣繑鍥為粯璁ゆ暟缁?2ms
 鉁?src/test/storage/local-adapter.test.ts > LocalStorageAdapter > load 鏂规硶 > 銆愭暟鎹璁俱€慿ey 涓嶅瓨鍦紝榛樿鍊间负瀵硅薄 鈫?銆愰鏈熺粨鏋溿€戣繑鍥為粯璁ゅ璞?2ms
 鉁?src/test/storage/local-adapter.test.ts > LocalStorageAdapter > load 鏂规硶 > 銆愭暟鎹璁俱€戝厛淇濆瓨鍐嶈鍙栧瓧绗︿覆 鈫?銆愰鏈熺粨鏋溿€戣繑鍥炰繚瀛樼殑鍊?1ms
 鉁?src/test/storage/local-adapter.test.ts > LocalStorageAdapter > load 鏂规硶 > 銆愭暟鎹璁俱€戝厛淇濆瓨鍐嶈鍙栧璞?鈫?銆愰鏈熺粨鏋溿€戣繑鍥炰繚瀛樼殑瀵硅薄 1ms
 鉁?src/test/storage/local-adapter.test.ts > LocalStorageAdapter > load 鏂规硶 > 銆愭暟鎹璁俱€戝厛淇濆瓨鍐嶈鍙栨暟缁?鈫?銆愰鏈熺粨鏋溿€戣繑鍥炰繚瀛樼殑鏁扮粍 1ms
 鉁?src/test/storage/local-adapter.test.ts > LocalStorageAdapter > load 鏂规硶 > 銆愭暟鎹璁俱€戝瓨鍌ㄥ唴瀹逛负闈炴硶 JSON 鈫?銆愰鏈熺粨鏋溿€戣繑鍥為粯璁ゅ€硷紝涓嶆姏寮傚父 10ms
 鉁?src/test/storage/local-adapter.test.ts > LocalStorageAdapter > load 鏂规硶 > 銆愭暟鎹璁俱€戜笉鍚?key 浜掍笉骞叉壈 鈫?銆愰鏈熺粨鏋溿€戣鍙栧悇鑷殑鍊?1ms
 鉁?src/test/storage/local-adapter.test.ts > LocalStorageAdapter > save 鏂规硶 > 銆愭暟鎹璁俱€戜繚瀛樺瓧绗︿覆 鈫?銆愰鏈熺粨鏋溿€憀ocalStorage 涓湁甯﹀墠缂€鐨勫搴旀暟鎹?2ms
 鉁?src/test/storage/local-adapter.test.ts > LocalStorageAdapter > save 鏂规硶 > 銆愭暟鎹璁俱€戜繚瀛?null 鈫?銆愰鏈熺粨鏋溿€戝瓨鍌ㄤ负 "null" 2ms
 鉁?src/test/storage/local-adapter.test.ts > LocalStorageAdapter > save 鏂规硶 > 銆愭暟鎹璁俱€戜繚瀛樻暟瀛?0 鈫?銆愰鏈熺粨鏋溿€戝瓨鍌ㄤ负 "0" 1ms
 鉁?src/test/storage/local-adapter.test.ts > LocalStorageAdapter > save 鏂规硶 > 銆愭暟鎹璁俱€戜繚瀛?false 鈫?銆愰鏈熺粨鏋溿€戝瓨鍌ㄤ负 "false" 1ms
 鉁?src/test/storage/local-adapter.test.ts > LocalStorageAdapter > save 鏂规硶 > 銆愭暟鎹璁俱€戣鐩栧凡鏈夊€?鈫?銆愰鏈熺粨鏋溿€戣繑鍥炴柊鍊?1ms
 鉁?src/test/storage/local-adapter.test.ts > LocalStorageAdapter > remove 鏂规硶 > 銆愭暟鎹璁俱€慿ey 瀛樺湪 鈫?銆愰鏈熺粨鏋溿€戝垹闄ゅ悗璇诲彇杩斿洖榛樿鍊?1ms
 鉁?src/test/storage/local-adapter.test.ts > LocalStorageAdapter > remove 鏂规硶 > 銆愭暟鎹璁俱€慿ey 涓嶅瓨鍦?鈫?銆愰鏈熺粨鏋溿€戜笉鎶涘嚭寮傚父 7ms
 鉁?src/test/storage/local-adapter.test.ts > LocalStorageAdapter > remove 鏂规硶 > 銆愭暟鎹璁俱€戝垹闄や竴涓?key 鈫?銆愰鏈熺粨鏋溿€戝叾浠?key 涓嶅彈褰卞搷 1ms
 鉁?src/test/storage/local-adapter.test.ts > LocalStorageAdapter > testConnection 鏂规硶 > 銆愭暟鎹璁俱€戞甯哥幆澧?鈫?銆愰鏈熺粨鏋溿€戣繑鍥?true 1ms
 鉁?src/test/storage/local-adapter.test.ts > LocalStorageAdapter > testConnection 鏂规硶 > 銆愭暟鎹璁俱€憈estConnection 涓嶆畫鐣欐祴璇曟暟鎹?鈫?銆愰鏈熺粨鏋溿€憀ocalStorage 涓棤娴嬭瘯 key 2ms
 鉁?src/test/lib/utils.test.ts > lib/utils - cn 鍑芥暟 > 銆愭暟鎹璁俱€戝崟涓瓧绗︿覆绫诲悕 鈫?銆愰鏈熺粨鏋溿€戣繑鍥炲師鏍?23ms
 鉁?src/test/lib/utils.test.ts > lib/utils - cn 鍑芥暟 > 銆愭暟鎹璁俱€戝涓瓧绗︿覆绫诲悕 鈫?銆愰鏈熺粨鏋溿€戠敤绌烘牸杩炴帴 1ms
 鉁?src/test/lib/utils.test.ts > lib/utils - cn 鍑芥暟 > 銆愭暟鎹璁俱€戝寘鍚?undefined 鍊?鈫?銆愰鏈熺粨鏋溿€戝拷鐣?undefined 1ms
 鉁?src/test/lib/utils.test.ts > lib/utils - cn 鍑芥暟 > 銆愭暟鎹璁俱€戝寘鍚?null 鍊?鈫?銆愰鏈熺粨鏋溿€戝拷鐣?null 1ms
 鉁?src/test/lib/utils.test.ts > lib/utils - cn 鍑芥暟 > 銆愭暟鎹璁俱€戝寘鍚?false 鍊?鈫?銆愰鏈熺粨鏋溿€戝拷鐣?false 1ms
 鉁?src/test/lib/utils.test.ts > lib/utils - cn 鍑芥暟 > 銆愭暟鎹璁俱€戝寘鍚璞℃潯浠剁被鍚?{ active: true } 鈫?銆愰鏈熺粨鏋溿€戝寘鍚?active 2ms
 鉁?src/test/lib/utils.test.ts > lib/utils - cn 鍑芥暟 > 銆愭暟鎹璁俱€戝寘鍚璞℃潯浠剁被鍚?{ active: false } 鈫?銆愰鏈熺粨鏋溿€戜笉鍖呭惈 active 1ms
 鉁?src/test/lib/utils.test.ts > lib/utils - cn 鍑芥暟 > 銆愭暟鎹璁俱€戝寘鍚涓潯浠剁被鍚?鈫?銆愰鏈熺粨鏋溿€戜粎鍖呭惈鏉′欢涓?true 鐨?2ms
 鉁?src/test/lib/utils.test.ts > lib/utils - cn 鍑芥暟 > 銆愭暟鎹璁俱€戝寘鍚暟缁勭被鍚?鈫?銆愰鏈熺粨鏋溿€戝睍寮€鏁扮粍 1ms
 鉁?src/test/lib/utils.test.ts > lib/utils - cn 鍑芥暟 > 銆愭暟鎹璁俱€戞贩鍚堢被鍨嬭緭鍏?鈫?銆愰鏈熺粨鏋溿€戞纭悎骞舵墍鏈夋湁鏁堢被鍚?1ms
 鉁?src/test/lib/utils.test.ts > lib/utils - cn 鍑芥暟 > 銆愭暟鎹璁俱€戝啿绐佺殑 Tailwind 绫伙紙p-4 鍜?p-2锛?鈫?銆愰鏈熺粨鏋溿€戜繚鐣欏悗闈㈢殑 p-2 1ms
 鉁?src/test/lib/utils.test.ts > lib/utils - cn 鍑芥暟 > 銆愭暟鎹璁俱€戝啿绐佺殑 text 棰滆壊绫?鈫?銆愰鏈熺粨鏋溿€戜繚鐣欏悗闈㈢殑棰滆壊 1ms
 鉁?src/test/lib/utils.test.ts > lib/utils - cn 鍑芥暟 > 銆愭暟鎹璁俱€戠┖鍙傛暟 鈫?銆愰鏈熺粨鏋溿€戣繑鍥炵┖瀛楃涓?1ms
stderr | src/test/utils/storage.test.ts > Storage 宸ュ叿鍑芥暟 > loadFrom
Storage > 銆愭暟鎹璁俱€戝瓨鍌ㄥ唴瀹逛负闈炴硶 JSON 鈫?銆愰鏈熺粨鏋溿€戣繑鍥為粯璁ゅ€间笖涓嶆姏鍑哄紓甯?[S
torage] 璇诲彇澶辫触: bad SyntaxError: Expected property name or '}' in J
SON at position 1
    at JSON.parse (<anonymous>)
    at loadFromStorage (D:/trae_projects/zy_2606_trae_01/src/utils/
storage.ts:13:17)
    at D:/trae_projects/zy_2606_trae_01/src/test/utils/storage.test
.ts:73:22
    at file:///D:/trae_projects/zy_2606_trae_01/node_modules/@vites
t/runner/dist/chunk-artifact.js:302:11
    at file:///D:/trae_projects/zy_2606_trae_01/node_modules/@vites
t/runner/dist/chunk-artifact.js:1903:26
    at file:///D:/trae_projects/zy_2606_trae_01/node_modules/@vites
t/runner/dist/chunk-artifact.js:2326:20
    at new Promise (<anonymous>)
    at runWithCancel (file:///D:/trae_projects/zy_2606_trae_01/node
_modules/@vitest/runner/dist/chunk-artifact.js:2323:10)
    at file:///D:/trae_projects/zy_2606_trae_01/node_modules/@vites
t/runner/dist/chunk-artifact.js:2305:20
    at new Promise (<anonymous>)

 鉁?src/test/utils/storage.test.ts > Storage 宸ュ叿鍑芥暟 > getStorageKey > 銆愭暟鎹璁俱€慿ey 涓?"foods" 鈫?銆愰鏈熺粨鏋溿€戣繑鍥炲甫鍓嶇紑鐨?key "fridge-manager-foods" 6ms
 鉁?src/test/utils/storage.test.ts > Storage 宸ュ叿鍑芥暟 > getStorageKey > 銆愭暟鎹璁俱€慿ey 涓?"test-key" 鈫?銆愰鏈熺粨鏋溿€戣繑鍥炲甫鍓嶇紑鐨?key "fridge-manager-test-key" 1ms
 鉁?src/test/utils/storage.test.ts > Storage 宸ュ叿鍑芥暟 > getStorageKey > 銆愭暟鎹璁俱€慿ey 涓虹┖瀛楃涓?鈫?銆愰鏈熺粨鏋溿€戣繑鍥炰粎鍚墠缂€ "fridge-manager-" 1ms
 鉁?src/test/utils/storage.test.ts > Storage 宸ュ叿鍑芥暟 > saveToStorage > 銆愭暟鎹璁俱€戜繚瀛樺瓧绗︿覆鍊?鈫?銆愰鏈熺粨鏋溿€憀ocalStorage 涓瓨鍦ㄥ搴旀暟鎹?2ms
 鉁?src/test/utils/storage.test.ts > Storage 宸ュ叿鍑芥暟 > saveToStorage > 銆愭暟鎹璁俱€戜繚瀛樺璞″€?鈫?銆愰鏈熺粨鏋溿€戜互 JSON 鏍煎紡淇濆瓨 3ms
 鉁?src/test/utils/storage.test.ts > Storage 宸ュ叿鍑芥暟 > saveToStorage > 銆愭暟鎹璁俱€戜繚瀛樻暟缁勫€?鈫?銆愰鏈熺粨鏋溿€戜互 JSON 鏍煎紡淇濆瓨 1ms
 鉁?src/test/utils/storage.test.ts > Storage 宸ュ叿鍑芥暟 > loadFromStorage > 銆愭暟鎹璁俱€慿ey 瀛樺湪锛岄粯璁ゅ€间换鎰?鈫?銆愰鏈熺粨鏋溿€戣繑鍥炰繚瀛樼殑鍊?1ms
 鉁?src/test/utils/storage.test.ts > Storage 宸ュ叿鍑芥暟 > loadFromStorage > 銆愭暟鎹璁俱€慿ey 涓嶅瓨鍦紝榛樿鍊间负 [] 鈫?銆愰鏈熺粨鏋溿€戣繑鍥為粯璁ゅ€?[] 5ms
 鉁?src/test/utils/storage.test.ts > Storage 宸ュ叿鍑芥暟 > loadFromStorage > 銆愭暟鎹璁俱€慿ey 涓嶅瓨鍦紝榛樿鍊间负瀵硅薄 鈫?銆愰鏈熺粨鏋溿€戣繑鍥為粯璁ゅ璞?1ms
 鉁?src/test/utils/storage.test.ts > Storage 宸ュ叿鍑芥暟 > loadFromStorage > 銆愭暟鎹璁俱€慿ey 涓嶅瓨鍦紝榛樿鍊间负 null 鈫?銆愰鏈熺粨鏋溿€戣繑鍥?null 1ms
 鉁?src/test/utils/storage.test.ts > Storage 宸ュ叿鍑芥暟 > loadFromStorage > 銆愭暟鎹璁俱€戝瓨鍌ㄥ唴瀹逛负闈炴硶 JSON 鈫?銆愰鏈熺粨鏋溿€戣繑鍥為粯璁ゅ€间笖涓嶆姏鍑哄紓甯?13ms
 鉁?src/test/utils/storage.test.ts > Storage 宸ュ叿鍑芥暟 > removeFromStorage > 銆愭暟鎹璁俱€慿ey 瀛樺湪 鈫?銆愰鏈熺粨鏋溿€戝垹闄ゅ悗 key 涓嶅瓨鍦?1ms
 鉁?src/test/utils/storage.test.ts > Storage 宸ュ叿鍑芥暟 > removeFromStorage > 銆愭暟鎹璁俱€慿ey 涓嶅瓨鍦?鈫?銆愰鏈熺粨鏋溿€戜笉鎶涘嚭寮傚父 3ms
 鉁?src/test/utils/storage.test.ts > Storage 宸ュ叿鍑芥暟 > removeFromStorage > 銆愭暟鎹璁俱€戝垹闄や竴涓?key 鈫?銆愰鏈熺粨鏋溿€戜笉褰卞搷鍏朵粬 key 1ms
 鉁?src/test/utils/id.test.ts > ID 宸ュ叿鍑芥暟 > generateId > 銆愭暟鎹璁俱€戞棤鍙傛暟 鈫?銆愰鏈熺粨鏋溿€戣繑鍥為潪绌哄瓧绗︿覆 5ms
 鉁?src/test/utils/id.test.ts > ID 宸ュ叿鍑芥暟 > generateId > 銆愭暟鎹璁俱€戣繛缁皟鐢ㄤ袱娆?鈫?銆愰鏈熺粨鏋溿€戣繑鍥炰笉鍚岀殑 ID锛堝敮涓€鎬э級 2ms
 鉁?src/test/utils/id.test.ts > ID 宸ュ叿鍑芥暟 > generateId > 銆愭暟鎹璁俱€戣繛缁皟鐢?000娆?鈫?銆愰鏈熺粨鏋溿€戞墍鏈?ID 鍧囦笉閲嶅 3ms
 鉁?src/test/utils/id.test.ts > ID 宸ュ叿鍑芥暟 > generateId > 銆愭暟鎹璁俱€慖D 鏍煎紡 鈫?銆愰鏈熺粨鏋溿€戝寘鍚繛瀛楃鍒嗛殧绗?1ms
 鉁?src/test/utils/id.test.ts > ID 宸ュ叿鍑芥暟 > generateId > 銆愭暟鎹璁俱€慖D 鏍煎紡 鈫?銆愰鏈熺粨鏋溿€戞牸寮忎负 timestamp-random 1ms
 鉁?src/test/utils/id.test.ts > ID 宸ュ叿鍑芥暟 > generateId > 銆愭暟鎹璁俱€慖D 瀛楃 鈫?銆愰鏈熺粨鏋溿€戝彧鍖呭惈灏忓啓瀛楁瘝銆佹暟瀛楀拰杩炲瓧绗?1ms

鈳幆鈳幆鈳幆 Failed Suites 2 鈳幆鈳幆鈳幆鈳?
 FAIL  src/test/hooks/useFreshness.test.ts [ src/test/hooks/useFres
hness.test.ts ]
 FAIL  src/test/hooks/useTheme.test.ts [ src/test/hooks/useTheme.te
st.ts ]
Error: Cannot find module '@testing-library/dom'
Require stack:
- D:\trae_projects\zy_2606_trae_01\node_modules\@testing-library\re
act\dist\pure.js
 鉂?Object.<anonymous> node_modules/@testing-library/react/dist/pure
.js:46:12

鈳幆鈳幆鈳幆鈳幆鈳幆鈳幆鈳幆鈳幆鈳幆鈳幆鈳幆鈳幆鈳幆鈳幆鈳幆
Serialized Error: { code: 'MODULE_NOT_FOUND', requireStack: [ 'D:\t
rae_projects\zy_2606_trae_01\node_modules\@testing-library\react\di
st\pure.js' ] }
鈳幆鈳幆鈳幆鈳幆鈳幆鈳幆鈳幆鈳幆鈳幆鈳幆鈳幆鈳幆[1/6]鈳?

鈳幆鈳幆鈳幆鈳?Failed Tests 4 鈳幆鈳幆鈳幆鈳?
 FAIL  src/test/storage/cached-adapter.test.ts > CachedStorageAdapt
er > remove 鏂规硶 - 杩滅▼姝ｅ父 > 銆愭暟鎹璁俱€戣繙绋嬫甯革紝鍒犻櫎鏁版嵁 鈫?銆愰鏈熺粨鏋溿€戣繙绋嬪拰
鏈湴鍧囪鍒犻櫎锛宑onnected=true
AssertionError: expected '"default"' to be null

- Expected:
null

+ Received:
"\"default\""

 鉂?src/test/storage/cached-adapter.test.ts:142:71
    140|       expect(adapter.connected).toBe(true);
    141|       expect(await adapter.load<string>('to-remove', 'defa
ult')).toBe(鈥?    142|       expect(window.localStorage.getItem('fr
idge-manager-to-remove')).鈥?       |                               
                                        ^
    143|     });
    144|   });

鈳幆鈳幆鈳幆鈳幆鈳幆鈳幆鈳幆鈳幆鈳幆鈳幆鈳幆鈳幆[2/6]鈳?
 FAIL  src/test/store/index.test.ts > Zustand Store - 鐘舵€佺鐞?> getS
tats > 銆愭暟鎹璁俱€慳ll 绛涢€?鈫?銆愰鏈熺粨鏋溿€憈otal=4, expired=1, expiring=1, 
fresh=2
AssertionError: expected 2 to be 1 // Object.is equality

- Expected
+ Received

- 1
+ 2

 鉂?src/test/store/index.test.ts:600:29
    598|       const stats = useStore.getState().getStats();
    599|       expect(stats.total).toBe(4);
    600|       expect(stats.expired).toBe(1);
       |                             ^
    601|       expect(stats.expiring).toBe(1);
    602|       expect(stats.fresh).toBe(2);

鈳幆鈳幆鈳幆鈳幆鈳幆鈳幆鈳幆鈳幆鈳幆鈳幆鈳幆鈳幆[3/6]鈳?
 FAIL  src/test/store/index.test.ts > Zustand Store - 鐘舵€佺鐞?> getF
oodsByStatus > 銆愭暟鎹璁俱€慳ll 绛涢€?鈫?銆愰鏈熺粨鏋溿€戝垎缁勬纭笖鎸夊墿浣欏ぉ鏁板崌搴?Asser
tionError: expected 2 to be 1 // Object.is equality

- Expected
+ Received

- 1
+ 2

 鉂?src/test/store/index.test.ts:621:37
    619|     it('銆愭暟鎹璁俱€慳ll 绛涢€?鈫?銆愰鏈熺粨鏋溿€戝垎缁勬纭笖鎸夊墿浣欏ぉ鏁板崌搴?, (
) => {
    620|       const groups = useStore.getState().getFoodsByStatus(
);
    621|       expect(groups.expired.length).toBe(1);
       |                                     ^
    622|       expect(groups.expired[0].id).toBe('food-expired');
    623|       expect(groups.expiring.length).toBe(1);

鈳幆鈳幆鈳幆鈳幆鈳幆鈳幆鈳幆鈳幆鈳幆鈳幆鈳幆鈳幆[4/6]鈳?
 FAIL  src/test/utils/date.test.ts > Date 宸ュ叿鍑芥暟 > calculateFreshne
ss > 銆愭暟鎹璁俱€戣喘涔颁簬浠婂ぉ鍓?澶╋紝淇濊川鏈?澶?鈫?銆愰鏈熺粨鏋溿€戠姸鎬佷负 expiring锛屽墿浣欏ぉ鏁颁
负 1
AssertionError: expected 'fresh' to be 'expiring' // Object.is equa
lity

Expected: "expiring"
Received: "fresh"

 鉂?src/test/utils/date.test.ts:103:29
    101|     it('銆愭暟鎹璁俱€戣喘涔颁簬浠婂ぉ鍓?澶╋紝淇濊川鏈?澶?鈫?銆愰鏈熺粨鏋溿€戠姸鎬佷负 expi
ring锛屽墿浣欏ぉ鏁颁负 1', () => {
    102|       const result = calculateFreshness('2024-06-14', 7);
    103|       expect(result.status).toBe('expiring');
       |                             ^
    104|       expect(result.remainingDays).toBe(1);
    105|       expect(result.expireDate).toBe('2024-06-21');

鈳幆鈳幆鈳幆鈳幆鈳幆鈳幆鈳幆鈳幆鈳幆鈳幆鈳幆鈳幆[5/6]鈳?

 Test Files  5 failed | 5 passed (10)
      Tests  4 failed | 125 passed (129)
   Start at  07:30:18
   Duration  19.72s (transform 3.42s, setup 8.56s, import 2.78s, tests 524ms, environment 32.29s)

